app/[handle]/[eventSlug]/page.tsx(21,24): error TS2339: Property 'event' does not exist on type '({ data: undefined; error: unknown; } | { data: EventFullSchema; error: undefined; }) & { request?: Request | undefined; response?: Response | undefined; }'.
  Property 'event' does not exist on type '{ data: undefined; error: unknown; } & { request?: Request | undefined; response?: Response | undefined; }'.
app/[handle]/[eventSlug]/page.tsx(28,45): error TS2339: Property 'evidence' does not exist on type '({ data: undefined; error: unknown; } | { data: EventFullSchema; error: undefined; }) & { request?: Request | undefined; response?: Response | undefined; }'.
  Property 'evidence' does not exist on type '{ data: undefined; error: unknown; } & { request?: Request | undefined; response?: Response | undefined; }'.
app/[handle]/[eventSlug]/page.tsx(28,60): error TS7006: Parameter 'e' implicitly has an 'any' type.
app/[handle]/[eventSlug]/page.tsx(63,24): error TS2339: Property 'event' does not exist on type '({ data: undefined; error: unknown; } | { data: EventFullSchema; error: undefined; }) & { request?: Request | undefined; response?: Response | undefined; }'.
  Property 'event' does not exist on type '{ data: undefined; error: unknown; } & { request?: Request | undefined; response?: Response | undefined; }'.
app/[handle]/[eventSlug]/page.tsx(64,29): error TS2339: Property 'event' does not exist on type '({ data: undefined; error: unknown; } | { data: EventFullSchema; error: undefined; }) & { request?: Request | undefined; response?: Response | undefined; }'.
  Property 'event' does not exist on type '{ data: undefined; error: unknown; } & { request?: Request | undefined; response?: Response | undefined; }'.
app/[handle]/[eventSlug]/page.tsx(65,28): error TS2339: Property 'event' does not exist on type '({ data: undefined; error: unknown; } | { data: EventFullSchema; error: undefined; }) & { request?: Request | undefined; response?: Response | undefined; }'.
  Property 'event' does not exist on type '{ data: undefined; error: unknown; } & { request?: Request | undefined; response?: Response | undefined; }'.
app/[handle]/[eventSlug]/page.tsx(71,27): error TS2339: Property 'event' does not exist on type '({ data: undefined; error: unknown; } | { data: EventFullSchema; error: undefined; }) & { request?: Request | undefined; response?: Response | undefined; }'.
  Property 'event' does not exist on type '{ data: undefined; error: unknown; } & { request?: Request | undefined; response?: Response | undefined; }'.
app/[handle]/[eventSlug]/page.tsx(71,49): error TS2339: Property 'event' does not exist on type '({ data: undefined; error: unknown; } | { data: EventFullSchema; error: undefined; }) & { request?: Request | undefined; response?: Response | undefined; }'.
  Property 'event' does not exist on type '{ data: undefined; error: unknown; } & { request?: Request | undefined; response?: Response | undefined; }'.
app/[handle]/[eventSlug]/page.tsx(80,26): error TS2322: Type '({ data: undefined; error: unknown; } | { data: EventFullSchema; error: undefined; }) & { request?: Request | undefined; response?: Response | undefined; }' is not assignable to type 'EventFullSchema'.
  Type '{ data: undefined; error: unknown; } & { request?: Request | undefined; response?: Response | undefined; }' is missing the following properties from type 'EventFullSchema': event, evidence
app/[handle]/page.tsx(45,24): error TS2339: Property 'avatar_url' does not exist on type '({ data: undefined; error: unknown; } | { data: CreatorProfileSchema; error: undefined; }) & { request?: Request | undefined; response?: Response | undefined; }'.
  Property 'avatar_url' does not exist on type '{ data: undefined; error: unknown; } & { request?: Request | undefined; response?: Response | undefined; }'.
app/[handle]/page.tsx(46,35): error TS2339: Property 'avatar_url' does not exist on type '({ data: undefined; error: unknown; } | { data: CreatorProfileSchema; error: undefined; }) & { request?: Request | undefined; response?: Response | undefined; }'.
  Property 'avatar_url' does not exist on type '{ data: undefined; error: unknown; } & { request?: Request | undefined; response?: Response | undefined; }'.
app/[handle]/page.tsx(46,60): error TS2339: Property 'display_name' does not exist on type '({ data: undefined; error: unknown; } | { data: CreatorProfileSchema; error: undefined; }) & { request?: Request | undefined; response?: Response | undefined; }'.
  Property 'display_name' does not exist on type '{ data: undefined; error: unknown; } & { request?: Request | undefined; response?: Response | undefined; }'.
app/[handle]/page.tsx(53,26): error TS2339: Property 'display_name' does not exist on type '({ data: undefined; error: unknown; } | { data: CreatorProfileSchema; error: undefined; }) & { request?: Request | undefined; response?: Response | undefined; }'.
  Property 'display_name' does not exist on type '{ data: undefined; error: unknown; } & { request?: Request | undefined; response?: Response | undefined; }'.
app/[handle]/page.tsx(54,26): error TS2339: Property 'is_verified' does not exist on type '({ data: undefined; error: unknown; } | { data: CreatorProfileSchema; error: undefined; }) & { request?: Request | undefined; response?: Response | undefined; }'.
  Property 'is_verified' does not exist on type '{ data: undefined; error: unknown; } & { request?: Request | undefined; response?: Response | undefined; }'.
app/[handle]/page.tsx(61,24): error TS2339: Property 'bio' does not exist on type '({ data: undefined; error: unknown; } | { data: CreatorProfileSchema; error: undefined; }) & { request?: Request | undefined; response?: Response | undefined; }'.
  Property 'bio' does not exist on type '{ data: undefined; error: unknown; } & { request?: Request | undefined; response?: Response | undefined; }'.
app/[handle]/page.tsx(61,103): error TS2339: Property 'bio' does not exist on type '({ data: undefined; error: unknown; } | { data: CreatorProfileSchema; error: undefined; }) & { request?: Request | undefined; response?: Response | undefined; }'.
  Property 'bio' does not exist on type '{ data: undefined; error: unknown; } & { request?: Request | undefined; response?: Response | undefined; }'.
app/[handle]/page.tsx(65,86): error TS2339: Property 'topics' does not exist on type '({ data: undefined; error: unknown; } | { data: CreatorProfileSchema; error: undefined; }) & { request?: Request | undefined; response?: Response | undefined; }'.
  Property 'topics' does not exist on type '{ data: undefined; error: unknown; } & { request?: Request | undefined; response?: Response | undefined; }'.
app/[handle]/page.tsx(73,11): error TS2322: Type '({ data: undefined; error: unknown; } | { data: PaginatedEventSummarySchema; error: undefined; }) & { request?: Request | undefined; response?: Response | undefined; }' is not assignable to type 'PaginatedEventSummarySchema'.
  Type '{ data: undefined; error: unknown; } & { request?: Request | undefined; response?: Response | undefined; }' is missing the following properties from type 'PaginatedEventSummarySchema': items, has_next
app/[handle]/page.tsx(74,11): error TS2322: Type '(cursor: string) => Promise<({ data: undefined; error: unknown; } | { data: PaginatedEventSummarySchema; error: undefined; }) & { request?: Request | undefined; response?: Response | undefined; }>' is not assignable to type '(cursor: string) => Promise<PaginatedEventSummarySchema>'.
  Type 'Promise<({ data: undefined; error: unknown; } | { data: PaginatedEventSummarySchema; error: undefined; }) & { request?: Request | undefined; response?: Response | undefined; }>' is not assignable to type 'Promise<PaginatedEventSummarySchema>'.
    Type '({ data: undefined; error: unknown; } | { data: PaginatedEventSummarySchema; error: undefined; }) & { request?: Request | undefined; response?: Response | undefined; }' is not assignable to type 'PaginatedEventSummarySchema'.
      Type '{ data: undefined; error: unknown; } & { request?: Request | undefined; response?: Response | undefined; }' is missing the following properties from type 'PaginatedEventSummarySchema': items, has_next
app/editor/[slug]/page.tsx(20,29): error TS2322: Type '({ data: undefined; error: unknown; } | { data: EventFullSchema; error: undefined; }) & { request?: Request | undefined; response?: Response | undefined; }' is not assignable to type 'EventFullSchema | null | undefined'.
  Type '{ data: undefined; error: unknown; } & { request?: Request | undefined; response?: Response | undefined; }' is not assignable to type 'EventFullSchema | null | undefined'.
app/page.tsx(20,9): error TS2322: Type '({ data: undefined; error: unknown; } | { data: PaginatedEventSummarySchema; error: undefined; }) & { request?: Request | undefined; response?: Response | undefined; }' is not assignable to type 'PaginatedEventSummarySchema'.
  Type '{ data: undefined; error: unknown; } & { request?: Request | undefined; response?: Response | undefined; }' is missing the following properties from type 'PaginatedEventSummarySchema': items, has_next
app/page.tsx(21,9): error TS2322: Type '(cursor: string) => Promise<({ data: undefined; error: unknown; } | { data: PaginatedEventSummarySchema; error: undefined; }) & { request?: Request | undefined; response?: Response | undefined; }>' is not assignable to type '(cursor: string) => Promise<PaginatedEventSummarySchema>'.
  Type 'Promise<({ data: undefined; error: unknown; } | { data: PaginatedEventSummarySchema; error: undefined; }) & { request?: Request | undefined; response?: Response | undefined; }>' is not assignable to type 'Promise<PaginatedEventSummarySchema>'.
    Type '({ data: undefined; error: unknown; } | { data: PaginatedEventSummarySchema; error: undefined; }) & { request?: Request | undefined; response?: Response | undefined; }' is not assignable to type 'PaginatedEventSummarySchema'.
      Type '{ data: undefined; error: unknown; } & { request?: Request | undefined; response?: Response | undefined; }' is missing the following properties from type 'PaginatedEventSummarySchema': items, has_next
app/search/page.tsx(29,25): error TS2339: Property 'items' does not exist on type '({ data: undefined; error: unknown; } | { data: PaginatedEventSummarySchema; error: undefined; }) & { request?: Request | undefined; response?: Response | undefined; }'.
  Property 'items' does not exist on type '{ data: undefined; error: unknown; } & { request?: Request | undefined; response?: Response | undefined; }'.
app/search/page.tsx(30,30): error TS2339: Property 'next_cursor' does not exist on type '({ data: undefined; error: unknown; } | { data: PaginatedEventSummarySchema; error: undefined; }) & { request?: Request | undefined; response?: Response | undefined; }'.
  Property 'next_cursor' does not exist on type '{ data: undefined; error: unknown; } & { request?: Request | undefined; response?: Response | undefined; }'.
app/search/page.tsx(31,27): error TS2339: Property 'has_next' does not exist on type '({ data: undefined; error: unknown; } | { data: PaginatedEventSummarySchema; error: undefined; }) & { request?: Request | undefined; response?: Response | undefined; }'.
  Property 'has_next' does not exist on type '{ data: undefined; error: unknown; } & { request?: Request | undefined; response?: Response | undefined; }'.
app/search/page.tsx(62,44): error TS2339: Property 'items' does not exist on type '({ data: undefined; error: unknown; } | { data: PaginatedEventSummarySchema; error: undefined; }) & { request?: Request | undefined; response?: Response | undefined; }'.
  Property 'items' does not exist on type '{ data: undefined; error: unknown; } & { request?: Request | undefined; response?: Response | undefined; }'.
app/search/page.tsx(63,28): error TS2339: Property 'next_cursor' does not exist on type '({ data: undefined; error: unknown; } | { data: PaginatedEventSummarySchema; error: undefined; }) & { request?: Request | undefined; response?: Response | undefined; }'.
  Property 'next_cursor' does not exist on type '{ data: undefined; error: unknown; } & { request?: Request | undefined; response?: Response | undefined; }'.
app/search/page.tsx(64,25): error TS2339: Property 'has_next' does not exist on type '({ data: undefined; error: unknown; } | { data: PaginatedEventSummarySchema; error: undefined; }) & { request?: Request | undefined; response?: Response | undefined; }'.
  Property 'has_next' does not exist on type '{ data: undefined; error: unknown; } & { request?: Request | undefined; response?: Response | undefined; }'.
app/sitemap.ts(23,30): error TS2339: Property 'items' does not exist on type '({ data: PaginatedEventSummarySchema; error: undefined; } | { data: undefined; error: unknown; }) & { request?: Request | undefined; response?: Response | undefined; }'.
  Property 'items' does not exist on type '{ data: PaginatedEventSummarySchema; error: undefined; } & { request?: Request | undefined; response?: Response | undefined; }'.
app/sitemap.ts(23,40): error TS7006: Parameter 'event' implicitly has an 'any' type.
app/topic/[slug]/page.tsx(39,11): error TS2322: Type '({ data: undefined; error: unknown; } | { data: PaginatedEventSummarySchema; error: undefined; }) & { request?: Request | undefined; response?: Response | undefined; }' is not assignable to type 'PaginatedEventSummarySchema'.
  Type '{ data: undefined; error: unknown; } & { request?: Request | undefined; response?: Response | undefined; }' is missing the following properties from type 'PaginatedEventSummarySchema': items, has_next
app/topic/[slug]/page.tsx(40,11): error TS2322: Type '(cursor: string) => Promise<({ data: undefined; error: unknown; } | { data: PaginatedEventSummarySchema; error: undefined; }) & { request?: Request | undefined; response?: Response | undefined; }>' is not assignable to type '(cursor: string) => Promise<PaginatedEventSummarySchema>'.
  Type 'Promise<({ data: undefined; error: unknown; } | { data: PaginatedEventSummarySchema; error: undefined; }) & { request?: Request | undefined; response?: Response | undefined; }>' is not assignable to type 'Promise<PaginatedEventSummarySchema>'.
    Type '({ data: undefined; error: unknown; } | { data: PaginatedEventSummarySchema; error: undefined; }) & { request?: Request | undefined; response?: Response | undefined; }' is not assignable to type 'PaginatedEventSummarySchema'.
      Type '{ data: undefined; error: unknown; } & { request?: Request | undefined; response?: Response | undefined; }' is missing the following properties from type 'PaginatedEventSummarySchema': items, has_next
app/topics/page.tsx(17,17): error TS2339: Property 'map' does not exist on type '({ data: undefined; error: unknown; } | { data: TopicSchema[]; error: undefined; }) & { request?: Request | undefined; response?: Response | undefined; }'.
  Property 'map' does not exist on type '{ data: undefined; error: unknown; } & { request?: Request | undefined; response?: Response | undefined; }'.
app/topics/page.tsx(17,21): error TS7006: Parameter 'topic' implicitly has an 'any' type.
features/auth/hooks/useAuth.tsx(10,8): error TS2307: Cannot find module '@/generated/services.gen' or its corresponding type declarations.
features/channels/components/TopicCurationSection.tsx(27,18): error TS2339: Property 'creator_profile' does not exist on type '({ data: undefined; error: unknown; } | { data: UserSchema; error: undefined; }) & { request?: Request | undefined; response?: Response | undefined; }'.
  Property 'creator_profile' does not exist on type '{ data: undefined; error: unknown; } & { request?: Request | undefined; response?: Response | undefined; }'.
features/channels/components/TopicCurationSection.tsx(45,22): error TS2345: Argument of type '({ data: undefined; error: unknown; } | { data: TopicSchema[]; error: undefined; }) & { request?: Request | undefined; response?: Response | undefined; }' is not assignable to parameter of type 'SetStateAction<TopicSchema[]>'.
  Type '{ data: undefined; error: unknown; } & { request?: Request | undefined; response?: Response | undefined; }' is not assignable to type 'SetStateAction<TopicSchema[]>'.
features/channels/components/TopicCurationSection.tsx(70,43): error TS2353: Object literal may only specify known properties, and 'requestBody' does not exist in type 'Options<AppsUsersRoutersSetMyTopicsData, false, unknown>'.
features/dashboard/components/Dashboard.tsx(33,9): error TS2353: Object literal may only specify known properties, and 'status' does not exist in type 'Options<AppsEventsCreatorRoutersListCreatorEventsData, false, unknown>'.
features/dashboard/components/Dashboard.tsx(39,26): error TS2339: Property 'items' does not exist on type '({ data: undefined; error: unknown; } | { data: PaginatedEventSummarySchema; error: undefined; }) & { request?: Request | undefined; response?: Response | undefined; }'.
  Property 'items' does not exist on type '{ data: undefined; error: unknown; } & { request?: Request | undefined; response?: Response | undefined; }'.
features/dashboard/components/Dashboard.tsx(41,47): error TS2339: Property 'items' does not exist on type '({ data: undefined; error: unknown; } | { data: PaginatedEventSummarySchema; error: undefined; }) & { request?: Request | undefined; response?: Response | undefined; }'.
  Property 'items' does not exist on type '{ data: undefined; error: unknown; } & { request?: Request | undefined; response?: Response | undefined; }'.
features/dashboard/components/Dashboard.tsx(44,28): error TS2339: Property 'next_cursor' does not exist on type '({ data: undefined; error: unknown; } | { data: PaginatedEventSummarySchema; error: undefined; }) & { request?: Request | undefined; response?: Response | undefined; }'.
  Property 'next_cursor' does not exist on type '{ data: undefined; error: unknown; } & { request?: Request | undefined; response?: Response | undefined; }'.
features/dashboard/components/Dashboard.tsx(45,25): error TS2339: Property 'has_next' does not exist on type '({ data: undefined; error: unknown; } | { data: PaginatedEventSummarySchema; error: undefined; }) & { request?: Request | undefined; response?: Response | undefined; }'.
  Property 'has_next' does not exist on type '{ data: undefined; error: unknown; } & { request?: Request | undefined; response?: Response | undefined; }'.
features/dashboard/components/Dashboard.tsx(57,25): error TS2339: Property 'count' does not exist on type '({ data: undefined; error: unknown; } | { data: DraftsCountSchema; error: undefined; }) & { request?: Request | undefined; response?: Response | undefined; }'.
  Property 'count' does not exist on type '{ data: undefined; error: unknown; } & { request?: Request | undefined; response?: Response | undefined; }'.
features/dashboard/components/EventRow.tsx(26,9): error TS2353: Object literal may only specify known properties, and 'slug' does not exist in type 'Options<AppsEventsRoutersUpdateEventStatusData, false, unknown>'.
features/dashboard/components/EventRow.tsx(41,44): error TS2353: Object literal may only specify known properties, and 'slug' does not exist in type 'Options<AppsEventsRoutersDeleteEventData, false, unknown>'.
features/events/context/EditorContext.tsx(9,8): error TS2307: Cannot find module '@/generated/services.gen' or its corresponding type declarations.
features/events/context/EditorContext.tsx(104,66): error TS2307: Cannot find module '@/generated/services.gen' or its corresponding type declarations.
features/events/context/EditorContext.tsx(116,67): error TS2307: Cannot find module '@/generated/services.gen' or its corresponding type declarations.
shared/lib/apiClient.ts(1,10): error TS2305: Module '"../../generated"' has no exported member 'client'.
shared/lib/apiClient.ts(9,8): error TS7006: Parameter 'req' implicitly has an 'any' type.
[ELIFECYCLE] Command failed with exit code 2.
