app/[handle]/page.tsx(74,11): error TS2322: Type 'PaginatedEventSummarySchema | undefined' is not assignable to type 'PaginatedEventSummarySchema'.
  Type 'undefined' is not assignable to type 'PaginatedEventSummarySchema'.
app/page.tsx(20,9): error TS2322: Type 'PaginatedEventSummarySchema | undefined' is not assignable to type 'PaginatedEventSummarySchema'.
  Type 'undefined' is not assignable to type 'PaginatedEventSummarySchema'.
app/search/page.tsx(29,25): error TS2339: Property 'items' does not exist on type '({ data: undefined; error: unknown; } | { data: PaginatedEventSummarySchema; error: undefined; }) & { request?: Request | undefined; response?: Response | undefined; }'.
  Property 'items' does not exist on type '{ data: undefined; error: unknown; } & { request?: Request | undefined; response?: Response | undefined; }'.
app/search/page.tsx(30,42): error TS2339: Property 'next_cursor' does not exist on type '({ data: undefined; error: unknown; } | { data: PaginatedEventSummarySchema; error: undefined; }) & { request?: Request | undefined; response?: Response | undefined; }'.
  Property 'next_cursor' does not exist on type '{ data: undefined; error: unknown; } & { request?: Request | undefined; response?: Response | undefined; }'.
app/search/page.tsx(31,39): error TS2339: Property 'has_next' does not exist on type '({ data: undefined; error: unknown; } | { data: PaginatedEventSummarySchema; error: undefined; }) & { request?: Request | undefined; response?: Response | undefined; }'.
  Property 'has_next' does not exist on type '{ data: undefined; error: unknown; } & { request?: Request | undefined; response?: Response | undefined; }'.
app/search/page.tsx(62,44): error TS2339: Property 'items' does not exist on type '({ data: undefined; error: unknown; } | { data: PaginatedEventSummarySchema; error: undefined; }) & { request?: Request | undefined; response?: Response | undefined; }'.
  Property 'items' does not exist on type '{ data: undefined; error: unknown; } & { request?: Request | undefined; response?: Response | undefined; }'.
app/search/page.tsx(63,40): error TS2339: Property 'next_cursor' does not exist on type '({ data: undefined; error: unknown; } | { data: PaginatedEventSummarySchema; error: undefined; }) & { request?: Request | undefined; response?: Response | undefined; }'.
  Property 'next_cursor' does not exist on type '{ data: undefined; error: unknown; } & { request?: Request | undefined; response?: Response | undefined; }'.
app/search/page.tsx(64,37): error TS2339: Property 'has_next' does not exist on type '({ data: undefined; error: unknown; } | { data: PaginatedEventSummarySchema; error: undefined; }) & { request?: Request | undefined; response?: Response | undefined; }'.
  Property 'has_next' does not exist on type '{ data: undefined; error: unknown; } & { request?: Request | undefined; response?: Response | undefined; }'.
app/sitemap.ts(23,30): error TS2339: Property 'items' does not exist on type '({ data: undefined; error: unknown; } | { data: PaginatedEventSummarySchema; error: undefined; }) & { request?: Request | undefined; response?: Response | undefined; }'.
  Property 'items' does not exist on type '{ data: undefined; error: unknown; } & { request?: Request | undefined; response?: Response | undefined; }'.
app/sitemap.ts(23,40): error TS7006: Parameter 'event' implicitly has an 'any' type.
app/topic/[slug]/page.tsx(39,11): error TS2322: Type 'PaginatedEventSummarySchema | undefined' is not assignable to type 'PaginatedEventSummarySchema'.
  Type 'undefined' is not assignable to type 'PaginatedEventSummarySchema'.
features/dashboard/components/EventRow.tsx(26,9): error TS2353: Object literal may only specify known properties, and 'slug' does not exist in type 'Options<AppsEventsRoutersUpdateEventStatusData, false, unknown>'.
features/events/context/EditorContext.tsx(59,9): error TS2353: Object literal may only specify known properties, and 'slug' does not exist in type 'Options<AppsEventsRoutersUpdateNarrativeData, false, unknown>'.
features/events/context/EditorContext.tsx(88,9): error TS2353: Object literal may only specify known properties, and 'slug' does not exist in type 'Options<AppsEventsRoutersCreateEvidenceData, false, unknown>'.
features/events/context/EditorContext.tsx(118,11): error TS2353: Object literal may only specify known properties, and 'slug' does not exist in type 'Options<AppsEventsRoutersReorderEvidenceData, false, unknown>'.
features/events/context/EditorContext.tsx(132,9): error TS2353: Object literal may only specify known properties, and 'requestBody' does not exist in type 'Options<AppsEventsRoutersCreateEventData, false, unknown>'.
features/events/context/EditorContext.tsx(139,16): error TS2345: Argument of type '({ data: undefined; error: unknown; } | { data: EventSchema; error: undefined; }) & { request?: Request | undefined; response?: Response | undefined; }' is not assignable to parameter of type 'SetStateAction<EventSchema | null>'.
  Type '{ data: undefined; error: unknown; } & { request?: Request | undefined; response?: Response | undefined; }' is not assignable to type 'SetStateAction<EventSchema | null>'.
features/events/context/EditorContext.tsx(155,11): error TS2353: Object literal may only specify known properties, and 'slug' does not exist in type 'Options<AppsEventsRoutersUpdateNarrativeData, false, unknown>'.
features/events/context/EditorContext.tsx(165,13): error TS2353: Object literal may only specify known properties, and 'slug' does not exist in type 'Options<AppsEventsRoutersCreateEvidenceData, false, unknown>'.
features/events/context/EditorContext.tsx(179,9): error TS2353: Object literal may only specify known properties, and 'slug' does not exist in type 'Options<AppsEventsRoutersUpdateEventData, false, unknown>'.
features/events/context/EditorContext.tsx(182,16): error TS2345: Argument of type '({ data: undefined; error: unknown; } | { data: EventSchema; error: undefined; }) & { request?: Request | undefined; response?: Response | undefined; }' is not assignable to parameter of type 'SetStateAction<EventSchema | null>'.
  Type '{ data: undefined; error: unknown; } & { request?: Request | undefined; response?: Response | undefined; }' is not assignable to type 'SetStateAction<EventSchema | null>'.
shared/lib/apiClient.ts(9,3): error TS2353: Object literal may only specify known properties, and 'fn' does not exist in type 'ReqInterceptor<Request, ResolvedRequestOptions<"fields", boolean, string>>'.
[ELIFECYCLE] Command failed with exit code 2.
